[atomikgrowth.com/index.html]
[backblue.gif]
[fade.gif]
[index.html]
[c39efe.p3cdn1.secureserver.net/wp-includes/css/dist/block-library/style.min6ed9.css]
[c39efe.p3cdn1.secureserver.net/wp-content/plugins/contact-form-7/includes/css/stylesa380.css]
[c39efe.p3cdn1.secureserver.net/wp-content/plugins/the-post-grid/assets/vendor/font-awesome/css/font-awesome.min7782.css]
[c39efe.p3cdn1.secureserver.net/wp-content/plugins/the-post-grid/assets/css/thepostgrid.min7782.css]
[c39efe.p3cdn1.secureserver.net/wp-content/themes/total-growth/style6ed9.css]
[atomikgrowth.com/feed/index.html]
[atomikgrowth.com/comments/feed/index.html]
[unpkg.com/aos@2.3.1/dist/aos.css]
[cdnjs.cloudflare.com/ajax/libs/Swiper/8.4.5/swiper-bundle.min4963.css]
[c39efe.p3cdn1.secureserver.net/wp-content/themes/total-growth/assets/css/maincde3.css]
[c39efe.p3cdn1.secureserver.net/wp-includes/js/jquery/jquery.min7a78.js]
[c39efe.p3cdn1.secureserver.net/wp-includes/js/jquery/jquery-migrate.min62b5.js]
[c39efe.p3cdn1.secureserver.net/wp-content/plugins/google-analytics-for-wordpress/assets/js/frontend-gtag.minbda1.js]
[atomikgrowth.com/wp-json/wp/v2/pages/5.json]
[atomikgrowth.com/wp-json/index.html]
[atomikgrowth.com/xmlrpc0db0.php]
[atomikgrowth.com/wp-json/oembed/1.0/embed6d98.json]
[atomikgrowth.com/wp-json/oembed/1.0/embed6a1f]
[atomikgrowth.com/wp-content/plugins/the-post-grid]
[atomikgrowth.com/assets/images/icon-40x40.svg]
[atomikgrowth.com/wp-content/uploads/fbrfg/apple-touch-icon.png]
[atomikgrowth.com/wp-content/uploads/fbrfg/favicon-32x32.png]
[atomikgrowth.com/wp-content/uploads/fbrfg/favicon-16x16.png]
[atomikgrowth.com/wp-content/uploads/fbrfg/site.webmanifest]
[atomikgrowth.com/wp-content/uploads/fbrfg/favicon.ico]
[c39efe.p3cdn1.secureserver.net/wp-content/uploads/2024/01/cropped-atomik512-1-32x32.png]
[c39efe.p3cdn1.secureserver.net/wp-content/uploads/2024/01/cropped-atomik512-1-192x192.png]
[c39efe.p3cdn1.secureserver.net/wp-content/uploads/2024/01/cropped-atomik512-1-180x180.png]
[c39efe.p3cdn1.secureserver.net/wp-content/uploads/2024/03/Darknet-diaries-circle-logo8768.png]
[c39efe.p3cdn1.secureserver.net/wp-content/uploads/2024/03/Acquired-circle-logo8768.png]
[c39efe.p3cdn1.secureserver.net/wp-content/uploads/2024/03/Reid-hoffman-circle-logo8768.png]
[c39efe.p3cdn1.secureserver.net/wp-content/uploads/2024/03/Swindled-circle-logo8768.png]
[c39efe.p3cdn1.secureserver.net/wp-content/uploads/2024/03/greylock-circle-logo8768.png]
[c39efe.p3cdn1.secureserver.net/wp-content/uploads/2024/03/VSC-ventures-circle-logo8768.png]
[c39efe.p3cdn1.secureserver.net/wp-content/uploads/2023/09/1-38768.png]
[c39efe.p3cdn1.secureserver.net/wp-content/uploads/2023/09/2-18768.png]
[c39efe.p3cdn1.secureserver.net/wp-content/uploads/2023/12/Group-626422-48768.png]
[c39efe.p3cdn1.secureserver.net/wp-content/uploads/2023/07/unnamed-4-modified8768.png]
[c39efe.p3cdn1.secureserver.net/wp-content/uploads/2023/07/Group-626411-modified8768.png]
[c39efe.p3cdn1.secureserver.net/wp-content/uploads/2023/07/Group-6264088768.png]
[code.jquery.com/jquery-3.6.0.min.js]
[atomikgrowth.com/index-2.html]
[c39efe.p3cdn1.secureserver.net/wp-content/plugins/brave-popup-builder/assets/css/frontend.min6ed9.css]
[c39efe.p3cdn1.secureserver.net/wp-content/plugins/contact-form-7/includes/swv/js/indexa380.js]
[c39efe.p3cdn1.secureserver.net/wp-content/plugins/contact-form-7/includes/js/indexa380.js]
[c39efe.p3cdn1.secureserver.net/wp-content/plugins/brave-popup-builder/assets/frontend/brave6ed9.js]
[code.jquery.com/jquery-3.6.0.min4963.js]
[cdnjs.cloudflare.com/ajax/libs/gsap/3.11.1/gsap.min4963.js]
[cdnjs.cloudflare.com/ajax/libs/gsap/3.11.4/ScrollTrigger.min4963.js]
[unpkg.com/aos@2.3.1/dist/aos.js]
[cdnjs.cloudflare.com/ajax/libs/Swiper/8.4.5/swiper-bundle.min4963.js]
[c39efe.p3cdn1.secureserver.net/wp-content/themes/total-growth/assets/js/megamenucde3.js]
[c39efe.p3cdn1.secureserver.net/wp-content/themes/total-growth/assets/js/homecde3.js]
[c39efe.p3cdn1.secureserver.net/wp-content/themes/total-growth/assets/js/commoncde3.js]
[img1.wsimg.com/signals/js/clients/scc-c2/scc-c2.min.js]
[img1.wsimg.com/signals/js/clients/tti/tti.min.js]
[atomikgrowth.com/index.html]
[c39efe.p3cdn1.secureserver.net/wp-includes/css/dist/block-library/style.min6ed9.css]
[c39efe.p3cdn1.secureserver.net/wp-content/plugins/contact-form-7/includes/css/stylesa380.css]
[c39efe.p3cdn1.secureserver.net/wp-content/plugins/the-post-grid/assets/vendor/font-awesome/css/font-awesome.min7782.css]
[c39efe.p3cdn1.secureserver.net/wp-content/plugins/the-post-grid/assets/images/loading.gif]
[c39efe.p3cdn1.secureserver.net/wp-content/plugins/the-post-grid/assets/css/thepostgrid.min7782.css]
[c39efe.p3cdn1.secureserver.net/wp-content/themes/total-growth/style6ed9.css]
[unpkg.com/aos@2.3.1/dist/aos.css]
[cdnjs.cloudflare.com/ajax/libs/Swiper/8.4.5/swiper-bundle.min4963.css]
[c39efe.p3cdn1.secureserver.net/wp-content/themes/total-growth/assets/css/maincde3.css]
[atomikgrowth.com/wp-content/plugins/the-post-grid/index.html]
[atomikgrowth.com/assets/images/icon-40x40.html]
[atomikgrowth.com/wp-content/uploads/fbrfg/safari-pinned-tab.svg]
[atomikgrowth.com/index-2.html]
[c39efe.p3cdn1.secureserver.net/wp-content/plugins/brave-popup-builder/assets/css/frontend.min6ed9.css]
